// Jest Snapshot v1, https://goo.gl/fbAQLP

exports[`Modal component should render Modal component 1`] = `
Object {
  "asFragment": [Function],
  "baseElement": <body>
    <div>
      <div
        class="Modal-container"
      >
        <div
          class="Modal-content__container"
        >
          <div
            class="Modal-main-content"
          >
            <div
              class="Modal-content__header"
            >
              <div
                class="Modal-source"
              >
                Source: 
              </div>
            </div>
            <div
              class="Modal-content__main"
            >
              <div
                class="Modal-content__info info__w100"
              >
                <div
                  class="Modal-title"
                />
                <div
                  class="Modal-description"
                />
              </div>
            </div>
            <div
              class="Modal-content__footer"
            >
              <div
                class="Modal-date"
              >
                Publication date: 
              </div>
              <a
                class="Modal-url"
                href=""
                rel="noreferrer"
                target="blank"
              >
                See in source
              </a>
            </div>
          </div>
          <div
            class="Modal-exit"
          >
            <svg
              viewBox="0 0 12 12"
              xmlns="http://www.w3.org/2000/svg"
            >
              <path
                d="M.974 0L0 .974 5.026 6 0 11.026.974 12 6 6.974  11.026 12l.974-.974L6.974 6 12 .974 11.026 0 6 5.026z"
              />
            </svg>
          </div>
        </div>
      </div>
    </div>
  </body>,
  "container": <div>
    <div
      class="Modal-container"
    >
      <div
        class="Modal-content__container"
      >
        <div
          class="Modal-main-content"
        >
          <div
            class="Modal-content__header"
          >
            <div
              class="Modal-source"
            >
              Source: 
            </div>
          </div>
          <div
            class="Modal-content__main"
          >
            <div
              class="Modal-content__info info__w100"
            >
              <div
                class="Modal-title"
              />
              <div
                class="Modal-description"
              />
            </div>
          </div>
          <div
            class="Modal-content__footer"
          >
            <div
              class="Modal-date"
            >
              Publication date: 
            </div>
            <a
              class="Modal-url"
              href=""
              rel="noreferrer"
              target="blank"
            >
              See in source
            </a>
          </div>
        </div>
        <div
          class="Modal-exit"
        >
          <svg
            viewBox="0 0 12 12"
            xmlns="http://www.w3.org/2000/svg"
          >
            <path
              d="M.974 0L0 .974 5.026 6 0 11.026.974 12 6 6.974  11.026 12l.974-.974L6.974 6 12 .974 11.026 0 6 5.026z"
            />
          </svg>
        </div>
      </div>
    </div>
  </div>,
  "debug": [Function],
  "findAllByAltText": [Function],
  "findAllByDisplayValue": [Function],
  "findAllByLabelText": [Function],
  "findAllByPlaceholderText": [Function],
  "findAllByRole": [Function],
  "findAllByTestId": [Function],
  "findAllByText": [Function],
  "findAllByTitle": [Function],
  "findByAltText": [Function],
  "findByDisplayValue": [Function],
  "findByLabelText": [Function],
  "findByPlaceholderText": [Function],
  "findByRole": [Function],
  "findByTestId": [Function],
  "findByText": [Function],
  "findByTitle": [Function],
  "getAllByAltText": [Function],
  "getAllByDisplayValue": [Function],
  "getAllByLabelText": [Function],
  "getAllByPlaceholderText": [Function],
  "getAllByRole": [Function],
  "getAllByTestId": [Function],
  "getAllByText": [Function],
  "getAllByTitle": [Function],
  "getByAltText": [Function],
  "getByDisplayValue": [Function],
  "getByLabelText": [Function],
  "getByPlaceholderText": [Function],
  "getByRole": [Function],
  "getByTestId": [Function],
  "getByText": [Function],
  "getByTitle": [Function],
  "queryAllByAltText": [Function],
  "queryAllByDisplayValue": [Function],
  "queryAllByLabelText": [Function],
  "queryAllByPlaceholderText": [Function],
  "queryAllByRole": [Function],
  "queryAllByTestId": [Function],
  "queryAllByText": [Function],
  "queryAllByTitle": [Function],
  "queryByAltText": [Function],
  "queryByDisplayValue": [Function],
  "queryByLabelText": [Function],
  "queryByPlaceholderText": [Function],
  "queryByRole": [Function],
  "queryByTestId": [Function],
  "queryByText": [Function],
  "queryByTitle": [Function],
  "rerender": [Function],
  "unmount": [Function],
}
`;
